// Jest Snapshot v1, https://goo.gl/fbAQLP

exports[`create snapshot WarningMessage 1`] = `
<Component
  style={
    Object {
      "flex": 1,
      "height": 15,
      "justifyContent": "flex-start",
      "width": 296,
    }
  }
>
  <Text
    accessible={true}
    allowFontScaling={true}
    ellipsizeMode="tail"
    selectTextOnFocus={false}
    style={
      Object {
        "color": "#F86F6F",
        "fontFamily": "Roboto-Regular",
        "fontSize": 11,
      }
    }
  />
</Component>
`;
