// Jest Snapshot v1, https://goo.gl/fbAQLP

exports[`create snapshot Main showMenu={true} 1`] = `
<TouchableWithoutFeedback
  accessibilityLabel="ForgotPasswordAuthorizationID"
  onPress={[Function]}
  testID="ForgotPasswordAuthorizationID"
>
  <Component
    style={
      Object {
        "marginBottom": 50,
      }
    }
  >
    <Text
      accessible={true}
      allowFontScaling={true}
      ellipsizeMode="tail"
      style={
        Object {
          "color": "#FFFFFF",
          "fontFamily": "Roboto-Regular",
          "fontSize": 18,
        }
      }
    />
  </Component>
</TouchableWithoutFeedback>
`;
